[2m2025-11-14T14:38:38.987386Z[0m [32m INFO[0m pronunciation CLI parsed
[2m2025-11-14T14:38:38.987456Z[0m [32m INFO[0m handling session command [3margs[0m[2m=[0mSessionArgs { pipeline: PipelineArgs { reference: "easy_arabic_539_out_chunks/chunk_0001/processed.wav", capture: CaptureArgs { device: None, latency_min: None, latency_max: None, sample_rate: 16000 }, assets_path: None, latency_budget_ms: 200 } }
[2m2025-11-14T14:38:38.987642Z[0m [32m INFO[0m resolved assets root [3massets_root[0m[2m=[0m/Users/demouser/Code/flowalyzer/assets
[2m2025-11-14T14:38:38.988206Z[0m [32m INFO[0m loaded alignment weights [3mmfcc[0m[2m=[0m0.30000001192092896 [3mdelta[0m[2m=[0m0.15000000596046448 [3mdelta_delta[0m[2m=[0m0.05000000074505806 [3mmel[0m[2m=[0m0.10000000149011612 [3menergy[0m[2m=[0m0.15000000596046448 [3mflux[0m[2m=[0m0.05000000074505806 [3mpitch[0m[2m=[0m0.20000000298023224
[2m2025-11-14T14:38:38.988270Z[0m [32m INFO[0m configured capture settings [3mdevice[0m[2m=[0mNone [3msample_rate[0m[2m=[0m16000 [3mlatency_ms[0m[2m=[0m100..=200
[2m2025-11-14T14:38:38.988361Z[0m [32m INFO[0m built session config [3mreference[0m[2m=[0measy_arabic_539_out_chunks/chunk_0001/processed.wav [3mlatency_budget_ms[0m[2m=[0m200
[2m2025-11-14T14:38:38.988415Z[0m [32m INFO[0m session config validated; creating runtime [3mreference[0m[2m=[0measy_arabic_539_out_chunks/chunk_0001/processed.wav [3massets_root[0m[2m=[0m/Users/demouser/Code/flowalyzer/assets [3mlatency_budget_ms[0m[2m=[0m200 [3mui_enabled[0m[2m=[0mtrue
[2m2025-11-14T14:38:38.988461Z[0m [32m INFO[0m session config validated; launching runtime thread [3mreference[0m[2m=[0measy_arabic_539_out_chunks/chunk_0001/processed.wav [3mlatency_budget_ms[0m[2m=[0m200
[2m2025-11-14T14:38:38.988606Z[0m [32m INFO[0m session runtime thread spawned; waiting for complete snapshot
[2m2025-11-14T14:38:38.988734Z[0m [32m INFO[0m runtime thread started; sending initializing snapshot
[2m2025-11-14T14:38:38.988816Z[0m [32m INFO[0m received initializing snapshot; waiting for complete snapshot
[2m2025-11-14T14:38:38.988824Z[0m [32m INFO[0m loading reference WAV file [3mpath[0m[2m=[0measy_arabic_539_out_chunks/chunk_0001/processed.wav
[2m2025-11-14T14:38:39.186236Z[0m [32m INFO[0m reference WAV loaded successfully [3mduration_secs[0m[2m=[0m63.789875 [3msample_rate[0m[2m=[0m16000 [3msamples[0m[2m=[0m1020638
[2m2025-11-14T14:38:39.186258Z[0m [32m INFO[0m creating live capture source [3mdevice[0m[2m=[0mNone [3msample_rate[0m[2m=[0m16000 [3mlatency_ms[0m[2m=[0m100..=200
[2m2025-11-14T14:38:39.186278Z[0m [32m INFO[0m creating session engine (this will extract features from reference)
[2m2025-11-14T14:38:39.186294Z[0m [32m INFO[0m starting feature extraction for reference audio [3msamples[0m[2m=[0m1020638 [3mduration_secs[0m[2m=[0m63.789875
[2m2025-11-14T14:38:39.186303Z[0m [32m INFO[0m computing spectrograms
[2m2025-11-14T14:38:39.186307Z[0m [32m INFO[0m ensuring sample rate
[2m2025-11-14T14:38:39.186557Z[0m [32m INFO[0m sample rate ensured [3melapsed_secs[0m[2m=[0m0.000245667 [3msamples[0m[2m=[0m1020638
[2m2025-11-14T14:38:39.186573Z[0m [32m INFO[0m converting to f64
[2m2025-11-14T14:38:39.192126Z[0m [32m INFO[0m conversion to f64 complete [3melapsed_secs[0m[2m=[0m0.00554825
[2m2025-11-14T14:38:39.192133Z[0m [32m INFO[0m computing STFT [3mfft_size[0m[2m=[0m400 [3mhop_size[0m[2m=[0m160 [3maudio_samples[0m[2m=[0m1020638
[2m2025-11-14T14:38:39.220465Z[0m [32m INFO[0m STFT computed [3melapsed_secs[0m[2m=[0m0.028319291 [3mstft_frames[0m[2m=[0m6378
[2m2025-11-14T14:38:39.220477Z[0m [32m INFO[0m converting STFT to polar
[2m2025-11-14T14:38:39.245666Z[0m [32m INFO[0m STFT converted to polar [3melapsed_secs[0m[2m=[0m0.025178
[2m2025-11-14T14:38:39.245679Z[0m [32m INFO[0m computing power spectrogram
[2m2025-11-14T14:38:39.285809Z[0m [32m INFO[0m power spectrogram computed [3melapsed_secs[0m[2m=[0m0.040122542
[2m2025-11-14T14:38:39.285819Z[0m [32m INFO[0m computing mel filterbank
[2m2025-11-14T14:38:39.285858Z[0m [32m INFO[0m mel filterbank computed [3melapsed_secs[0m[2m=[0m3.4833e-5
[2m2025-11-14T14:38:39.285866Z[0m [32m INFO[0m computing mel spectrogram
[2m2025-11-14T14:38:39.288786Z[0m [32m INFO[0m mel spectrogram computed [3melapsed_secs[0m[2m=[0m0.002913625 [3mmel_frames[0m[2m=[0m6378
[2m2025-11-14T14:38:39.289854Z[0m [32m INFO[0m spectrograms computed [3melapsed_secs[0m[2m=[0m0.103546333 [3mmel_frames[0m[2m=[0m6378
[2m2025-11-14T14:38:39.289864Z[0m [32m INFO[0m assembling feature matrices
[2m2025-11-14T14:38:39.416383Z[0m [32m INFO[0m feature matrices assembled [3melapsed_secs[0m[2m=[0m0.12650825
[2m2025-11-14T14:38:39.416395Z[0m [32m INFO[0m extracting pitch contour [3mframe_count[0m[2m=[0m6378
[2m2025-11-14T14:38:39.416399Z[0m [32m INFO[0m ensuring sample rate for pitch extraction
[2m2025-11-14T14:38:39.416733Z[0m [32m INFO[0m sample rate ensured for pitch [3melapsed_secs[0m[2m=[0m0.0003295 [3msamples[0m[2m=[0m1020638
[2m2025-11-14T14:38:39.416738Z[0m [32m INFO[0m converting to f64 for pitch
[2m2025-11-14T14:38:39.421639Z[0m [32m INFO[0m conversion to f64 complete for pitch [3melapsed_secs[0m[2m=[0m0.004894916
[2m2025-11-14T14:38:39.421647Z[0m [32m INFO[0m extracting pitch contour [3mframe_len[0m[2m=[0m400 [3maudio_samples[0m[2m=[0m1020638 [3mfreq_min[0m[2m=[0m55.0 [3mfreq_max[0m[2m=[0m1200.0
[2m2025-11-14T14:39:24.409707Z[0m [32m INFO[0m pitch extraction completed [3melapsed_secs[0m[2m=[0m44.9881855 [3mpitch_frames[0m[2m=[0m10207
[2m2025-11-14T14:39:24.409732Z[0m [32m INFO[0m normalizing pitch contour
[2m2025-11-14T14:39:24.410908Z[0m [32m INFO[0m pitch contour normalized [3melapsed_secs[0m[2m=[0m0.001168666
[2m2025-11-14T14:39:24.410916Z[0m [32m INFO[0m filling missing pitch values
[2m2025-11-14T14:39:24.411235Z[0m [32m INFO[0m missing pitch values filled [3melapsed_secs[0m[2m=[0m0.000314958
[2m2025-11-14T14:39:24.411240Z[0m [32m INFO[0m smoothing pitch contour
[2m2025-11-14T14:39:24.411754Z[0m [32m INFO[0m pitch contour smoothed [3melapsed_secs[0m[2m=[0m0.000511166
[2m2025-11-14T14:39:24.411759Z[0m [32m INFO[0m aligning pitch contour to frames
[2m2025-11-14T14:39:24.411949Z[0m [32m INFO[0m pitch contour aligned [3melapsed_secs[0m[2m=[0m0.000186917 [3maligned_frames[0m[2m=[0m6378
[2m2025-11-14T14:39:24.412121Z[0m [32m INFO[0m pitch contour extracted [3melapsed_secs[0m[2m=[0m44.995868459 [3mpitch_frames[0m[2m=[0m6378
[2m2025-11-14T14:39:24.414130Z[0m [32m INFO[0m feature extraction completed [3melapsed_secs[0m[2m=[0m45.227977333 [3menergy_frames[0m[2m=[0m6378 [3mpitch_frames[0m[2m=[0m6378
[2m2025-11-14T14:39:25.821826Z[0m [32m INFO[0m session engine created successfully [3melapsed_secs[0m[2m=[0m46.635688792
[2m2025-11-14T14:39:25.821840Z[0m [32m INFO[0m computing initial reference alignment
[2m2025-11-14T14:39:25.821864Z[0m [32m INFO[0m initial reference alignment computed [3melapsed_secs[0m[2m=[0m2.0125e-5 [3mphonemes[0m[2m=[0m355
[2m2025-11-14T14:39:25.821869Z[0m [32m INFO[0m engine runner built; ready to send initial snapshot [3mtotal_elapsed_secs[0m[2m=[0m46.635740042
[2m2025-11-14T14:39:25.821895Z[0m [32m INFO[0m session runtime thread running; emitting initial snapshot
[2m2025-11-14T14:39:25.821936Z[0m [32m INFO[0m received complete snapshot from runtime thread
[2m2025-11-14T14:40:27.777782Z[0m [32m INFO[0m received shutdown command
[2m2025-11-14T14:40:27.777798Z[0m [32m INFO[0m session runtime thread exiting
